Wed Apr 22 15:55:09 UTC 2026
Thu Apr 23 10:19:09 UTC 2026
Fri Apr 24 10:18:06 UTC 2026
Sat Apr 25 09:48:37 UTC 2026
Sun Apr 26 09:50:50 UTC 2026
Mon Apr 27 10:59:42 UTC 2026
Tue Apr 28 11:01:09 UTC 2026
Wed Apr 29 10:51:38 UTC 2026
Thu Apr 30 10:51:18 UTC 2026
Fri May  1 10:19:56 UTC 2026
Sat May  2 09:56:06 UTC 2026
Sun May  3 10:00:56 UTC 2026
Mon May  4 11:02:52 UTC 2026
Tue May  5 10:42:15 UTC 2026
Wed May  6 11:02:34 UTC 2026
Thu May  7 11:06:13 UTC 2026
Fri May  8 10:21:46 UTC 2026
Sat May  9 10:02:53 UTC 2026
Sun May 10 10:09:33 UTC 2026
Mon May 11 12:07:34 UTC 2026
Tue May 12 11:17:41 UTC 2026
Wed May 13 11:28:29 UTC 2026
Thu May 14 11:11:54 UTC 2026
Fri May 15 11:18:08 UTC 2026
Sat May 16 10:10:51 UTC 2026
Sun May 17 10:19:58 UTC 2026
Mon May 18 12:25:50 UTC 2026
Tue May 19 11:58:30 UTC 2026
Wed May 20 11:46:44 UTC 2026
Thu May 21 12:11:23 UTC 2026
Fri May 22 11:42:29 UTC 2026
Sat May 23 10:23:55 UTC 2026
Sun May 24 10:27:44 UTC 2026
Mon May 25 12:25:04 UTC 2026
Thu May 28 12:22:47 UTC 2026
Fri May 29 12:11:47 UTC 2026
Sat May 30 10:45:54 UTC 2026
Sun May 31 10:54:12 UTC 2026
Mon Jun  1 14:56:22 UTC 2026
Tue Jun  2 12:37:24 UTC 2026
Wed Jun  3 13:12:31 UTC 2026
Thu Jun  4 11:48:00 UTC 2026
Fri Jun  5 11:58:40 UTC 2026
Sat Jun  6 10:51:15 UTC 2026
Sun Jun  7 11:05:33 UTC 2026
Mon Jun  8 13:02:18 UTC 2026
Tue Jun  9 11:56:56 UTC 2026
Wed Jun 10 12:17:03 UTC 2026
Thu Jun 11 12:40:27 UTC 2026
Fri Jun 12 12:14:42 UTC 2026
Sat Jun 13 11:11:22 UTC 2026
Sun Jun 14 11:26:53 UTC 2026
Mon Jun 15 15:10:50 UTC 2026
Tue Jun 16 13:25:24 UTC 2026
Wed Jun 17 12:48:26 UTC 2026
Thu Jun 18 12:20:42 UTC 2026
Fri Jun 19 12:42:54 UTC 2026
Sat Jun 20 11:12:52 UTC 2026
Sun Jun 21 11:42:02 UTC 2026
Mon Jun 22 14:32:56 UTC 2026
Tue Jun 23 11:56:24 UTC 2026
Wed Jun 24 11:41:45 UTC 2026
Thu Jun 25 11:36:52 UTC 2026
Fri Jun 26 11:41:53 UTC 2026
Sat Jun 27 10:54:45 UTC 2026
Sun Jun 28 11:02:36 UTC 2026
Mon Jun 29 13:02:34 UTC 2026
Tue Jun 30 11:41:36 UTC 2026
Wed Jul  1 11:56:40 UTC 2026
Thu Jul  2 11:30:02 UTC 2026
Fri Jul  3 11:28:37 UTC 2026
Sat Jul  4 10:51:17 UTC 2026
Sun Jul  5 11:01:37 UTC 2026
Mon Jul  6 12:41:42 UTC 2026
Tue Jul  7 11:42:46 UTC 2026
Wed Jul  8 10:59:50 UTC 2026
Thu Jul  9 11:52:52 UTC 2026
Fri Jul 10 11:46:14 UTC 2026
Sat Jul 11 10:10:54 UTC 2026
Sun Jul 12 10:22:12 UTC 2026
Mon Jul 13 11:56:36 UTC 2026
Tue Jul 14 10:40:55 UTC 2026
Wed Jul 15 10:44:23 UTC 2026
Thu Jul 16 10:53:52 UTC 2026
Fri Jul 17 10:41:42 UTC 2026
Sat Jul 18 10:14:52 UTC 2026
Sun Jul 19 10:22:45 UTC 2026
Mon Jul 20 11:40:25 UTC 2026
Tue Jul 21 11:03:15 UTC 2026
Wed Jul 22 11:03:52 UTC 2026
Thu Jul 23 11:05:24 UTC 2026
Fri Jul 24 10:58:56 UTC 2026
Sat Jul 25 10:23:06 UTC 2026
Sun Jul 26 10:40:31 UTC 2026
Mon Jul 27 12:16:33 UTC 2026
Tue Jul 28 11:12:41 UTC 2026
Wed Jul 29 11:20:38 UTC 2026
Thu Jul 30 11:02:49 UTC 2026
Fri Jul 31 11:25:55 UTC 2026
Sat Aug  1 10:36:38 UTC 2026
Sun Aug  2 10:35:57 UTC 2026
Mon Aug  3 12:17:13 UTC 2026
Tue Aug  4 11:19:56 UTC 2026
Wed Aug  5 11:16:03 UTC 2026
Thu Aug  6 11:16:52 UTC 2026
Fri Aug  7 09:56:05 UTC 2026
Sat Aug  8 09:31:47 UTC 2026
Sun Aug  9 09:33:44 UTC 2026
Mon Aug 10 10:12:11 UTC 2026
Tue Aug 11 09:55:21 UTC 2026
Wed Aug 12 09:56:38 UTC 2026
Thu Aug 13 09:58:11 UTC 2026
